[main (root-commit) a7eadeb] feat: rebuild YemReact with accessible discovery, authenticated CMS and verified media workflows
 124 files changed, 47719 insertions(+)
 create mode 100644 .env.example
 create mode 100644 .gitignore
 create mode 100644 .prettierrc.json
 create mode 100644 README.md
 create mode 100644 REPORT.md
 create mode 100644 docs/ACCESSIBILITY.md
 create mode 100644 docs/ADMIN-GUIDE.md
 create mode 100644 docs/API.md
 create mode 100644 docs/ARCHITECTURE.md
 create mode 100644 docs/DATABASE.md
 create mode 100644 docs/DEPLOYMENT.md
 create mode 100644 docs/DESIGN-SYSTEM.md
 create mode 100644 docs/QUALITY-REPORT.md
 create mode 100644 docs/ROADMAP.md
 create mode 100644 next-env.d.ts
 create mode 100644 next.config.ts
 create mode 100644 package.json
 create mode 100644 pnpm-lock.yaml
 create mode 100644 pnpm-workspace.yaml
 create mode 100644 postcss.config.mjs
 create mode 100644 public/icons/icon-192.png
 create mode 100644 public/icons/icon-512.png
 create mode 100644 public/icons/maskable-512.png
 create mode 100644 public/media/README.md
 create mode 100644 public/media/contact-sheet.png
 create mode 100644 public/media/demo-1.mp4
 create mode 100644 public/media/demo-2.mp4
 create mode 100644 public/media/demo-3.mp4
 create mode 100644 public/media/demo-4.mp4
 create mode 100644 public/media/demo-5.mp4
 create mode 100644 public/media/demo-6.mp4
 create mode 100644 public/media/portrait-1.webp
 create mode 100644 public/media/portrait-2.webp
 create mode 100644 public/media/portrait-3.webp
 create mode 100644 public/media/portrait-4.webp
 create mode 100644 public/media/portrait-5.webp
 create mode 100644 public/media/portrait-6.webp
 create mode 100644 public/og.png
 create mode 100644 public/sw.js
 create mode 100644 scripts/create-admin.mjs
 create mode 100644 scripts/generate-demos.mjs
 create mode 100644 src/app/about/page.tsx
 create mode 100644 src/app/admin/page.tsx
 create mode 100644 src/app/api/admin/route.ts
 create mode 100644 src/app/api/auth/route.ts
 create mode 100644 src/app/api/events/route.ts
 create mode 100644 src/app/api/media/[name]/route.ts
 create mode 100644 src/app/api/reactions/route.ts
 create mode 100644 src/app/api/saved/route.ts
 create mode 100644 src/app/api/upload/route.ts
 create mode 100644 src/app/error.tsx
 create mode 100644 src/app/globals.css
 create mode 100644 src/app/layout.tsx
 create mode 100644 src/app/library/loading.tsx
 create mode 100644 src/app/library/page.tsx
 create mode 100644 src/app/login/page.tsx
 create mode 100644 src/app/manifest.ts
 create mode 100644 src/app/not-found.tsx
 create mode 100644 src/app/offline/page.tsx
 create mode 100644 src/app/page.tsx
 create mode 100644 src/app/r/[code]/page.tsx
 create mode 100644 src/app/robots.ts
 create mode 100644 src/app/saved/page.tsx
 create mode 100644 src/app/sitemap.ts
 create mode 100644 src/components/AppOverlays.tsx
 create mode 100644 src/components/AppProvider.tsx
 create mode 100644 src/components/Clip.tsx
 create mode 100644 src/components/Footer.tsx
 create mode 100644 src/components/Header.tsx
 create mode 100644 src/components/Preview.tsx
 create mode 100644 src/components/Pwa.tsx
 create mode 100644 src/components/Qusasa.tsx
 create mode 100644 src/components/ReactionCard.tsx
 create mode 100644 src/components/Settings.tsx
 create mode 100644 src/components/ui/Modal.tsx
 create mode 100644 src/features/Admin.tsx
 create mode 100644 src/features/Auth.tsx
 create mode 100644 src/features/Detail.tsx
 create mode 100644 src/features/Home.tsx
 create mode 100644 src/features/Library.tsx
 create mode 100644 src/lib/categories.ts
 create mode 100644 src/lib/reactions.ts
 create mode 100644 src/server/auth.ts
 create mode 100644 src/server/db.ts
 create mode 100644 tests/search.test.mjs
 create mode 100644 tsconfig.json
 create mode 100644 verification/a11y-states.cjs
 create mode 100644 verification/a11y.cjs
 create mode 100644 verification/flows.cjs
 create mode 100644 verification/pwa.cjs
 create mode 100644 verification/responsive.cjs
 create mode 100644 verification/screenshots.cjs
 create mode 100644 verification/tools/package-lock.json
 create mode 100644 verification/tools/package.json
 create mode 100644 verification/upload-ui.cjs
 create mode 100644 verification/v4/a11y-states.log
 create mode 100644 verification/v4/a11y.log
 create mode 100644 verification/v4/accessibility-states.json
 create mode 100644 verification/v4/accessibility.json
 create mode 100644 verification/v4/admin-owner.png
 create mode 100644 verification/v4/baseline/lighthouse-mobile-before-lazy.json
 create mode 100644 verification/v4/build.log
 create mode 100644 verification/v4/detail.png
 create mode 100644 verification/v4/flows.json
 create mode 100644 verification/v4/flows.log
 create mode 100644 verification/v4/format-check.log
 create mode 100644 verification/v4/format.log
 create mode 100644 verification/v4/home-320.png
 create mode 100644 verification/v4/home-dark.png
 create mode 100644 verification/v4/home-desktop.png
 create mode 100644 verification/v4/home-hero.png
 create mode 100644 verification/v4/library.png
 create mode 100644 verification/v4/lighthouse-desktop.json
 create mode 100644 verification/v4/lighthouse-desktop.log
 create mode 100644 verification/v4/lighthouse-mobile.json
 create mode 100644 verification/v4/lighthouse.log
 create mode 100644 verification/v4/pwa.json
 create mode 100644 verification/v4/pwa.log
 create mode 100644 verification/v4/source-manifest.json
 create mode 100644 verification/v4/summary.json
 create mode 100644 verification/v4/touch-320.json
 create mode 100644 verification/v4/typecheck.log
 create mode 100644 verification/v4/unit-tests.log
 create mode 100644 verification/v4/upload-ui.json
